Archive member included because of file (symbol)

c:/winavr/bin/../lib/gcc/avr/4.3.3/avr5\libgcc.a(_udivmodqi4.o)
                              ./Timer_1.o (__udivmodqi4)
c:/winavr/bin/../lib/gcc/avr/4.3.3/avr5\libgcc.a(_udivmodhi4.o)
                              ./Timer_1.o (__udivmodhi4)
c:/winavr/bin/../lib/gcc/avr/4.3.3/avr5\libgcc.a(_exit.o)
                              c:/winavr/bin/../lib/gcc/avr/4.3.3/../../../../avr/lib/avr5/crtm32.o (exit)
c:/winavr/bin/../lib/gcc/avr/4.3.3/avr5\libgcc.a(_clear_bss.o)
                              ./EXTI.o (__do_clear_bss)

Memory Configuration

Name             Origin             Length             Attributes
text             0x00000000         0x00020000         xr
data             0x00800060         0x0000ffa0         rw !x
eeprom           0x00810000         0x00010000         rw !x
fuse             0x00820000         0x00000400         rw !x
lock             0x00830000         0x00000400         rw !x
signature        0x00840000         0x00000400         rw !x
*default*        0x00000000         0xffffffff

Linker script and memory map

LOAD c:/winavr/bin/../lib/gcc/avr/4.3.3/../../../../avr/lib/avr5/crtm32.o
LOAD ./Dio.o
LOAD ./EXTI.o
LOAD ./Timer_1.o
LOAD ./main.o
LOAD c:/winavr/bin/../lib/gcc/avr/4.3.3/avr5\libgcc.a
LOAD c:/winavr/bin/../lib/gcc/avr/4.3.3/../../../../avr/lib/avr5\libc.a
LOAD c:/winavr/bin/../lib/gcc/avr/4.3.3/avr5\libgcc.a

.hash
 *(.hash)

.dynsym
 *(.dynsym)

.dynstr
 *(.dynstr)

.gnu.version
 *(.gnu.version)

.gnu.version_d
 *(.gnu.version_d)

.gnu.version_r
 *(.gnu.version_r)

.rel.init
 *(.rel.init)

.rela.init
 *(.rela.init)

.rel.text
 *(.rel.text)
 *(.rel.text.*)
 *(.rel.gnu.linkonce.t*)

.rela.text
 *(.rela.text)
 *(.rela.text.*)
 *(.rela.gnu.linkonce.t*)

.rel.fini
 *(.rel.fini)

.rela.fini
 *(.rela.fini)

.rel.rodata
 *(.rel.rodata)
 *(.rel.rodata.*)
 *(.rel.gnu.linkonce.r*)

.rela.rodata
 *(.rela.rodata)
 *(.rela.rodata.*)
 *(.rela.gnu.linkonce.r*)

.rel.data
 *(.rel.data)
 *(.rel.data.*)
 *(.rel.gnu.linkonce.d*)

.rela.data
 *(.rela.data)
 *(.rela.data.*)
 *(.rela.gnu.linkonce.d*)

.rel.ctors
 *(.rel.ctors)

.rela.ctors
 *(.rela.ctors)

.rel.dtors
 *(.rel.dtors)

.rela.dtors
 *(.rela.dtors)

.rel.got
 *(.rel.got)

.rela.got
 *(.rela.got)

.rel.bss
 *(.rel.bss)

.rela.bss
 *(.rela.bss)

.rel.plt
 *(.rel.plt)

.rela.plt
 *(.rela.plt)

.text           0x00000000     0x140e
 *(.vectors)
 .vectors       0x00000000       0x54 c:/winavr/bin/../lib/gcc/avr/4.3.3/../../../../avr/lib/avr5/crtm32.o
                0x00000000                __vectors
                0x00000000                __vector_default
 *(.vectors)
 *(.progmem.gcc*)
 *(.progmem*)
                0x00000054                . = ALIGN (0x2)
                0x00000054                __trampolines_start = .
 *(.trampolines)
 .trampolines   0x00000054        0x0 linker stubs
 *(.trampolines*)
                0x00000054                __trampolines_end = .
 *(.jumptables)
 *(.jumptables*)
 *(.lowtext)
 *(.lowtext*)
                0x00000054                __ctors_start = .
 *(.ctors)
                0x00000054                __ctors_end = .
                0x00000054                __dtors_start = .
 *(.dtors)
                0x00000054                __dtors_end = .
 SORT(*)(.ctors)
 SORT(*)(.dtors)
 *(.init0)
 .init0         0x00000054        0x0 c:/winavr/bin/../lib/gcc/avr/4.3.3/../../../../avr/lib/avr5/crtm32.o
                0x00000054                __init
 *(.init0)
 *(.init1)
 *(.init1)
 *(.init2)
 .init2         0x00000054        0xc c:/winavr/bin/../lib/gcc/avr/4.3.3/../../../../avr/lib/avr5/crtm32.o
 *(.init2)
 *(.init3)
 *(.init3)
 *(.init4)
 .init4         0x00000060       0x10 c:/winavr/bin/../lib/gcc/avr/4.3.3/avr5\libgcc.a(_clear_bss.o)
                0x00000060                __do_clear_bss
 *(.init4)
 *(.init5)
 *(.init5)
 *(.init6)
 *(.init6)
 *(.init7)
 *(.init7)
 *(.init8)
 *(.init8)
 *(.init9)
 .init9         0x00000070        0x8 c:/winavr/bin/../lib/gcc/avr/4.3.3/../../../../avr/lib/avr5/crtm32.o
 *(.init9)
 *(.text)
 .text          0x00000078        0x4 c:/winavr/bin/../lib/gcc/avr/4.3.3/../../../../avr/lib/avr5/crtm32.o
                0x00000078                __vector_12
                0x00000078                __bad_interrupt
                0x00000078                __vector_11
                0x00000078                __vector_13
                0x00000078                __vector_17
                0x00000078                __vector_19
                0x00000078                __vector_5
                0x00000078                __vector_4
                0x00000078                __vector_15
                0x00000078                __vector_8
                0x00000078                __vector_14
                0x00000078                __vector_10
                0x00000078                __vector_16
                0x00000078                __vector_18
                0x00000078                __vector_20
 .text          0x0000007c        0x0 ./Dio.o
 .text          0x0000007c        0x0 ./EXTI.o
 .text          0x0000007c        0x0 ./Timer_1.o
 .text          0x0000007c        0x0 ./main.o
 .text          0x0000007c        0x0 c:/winavr/bin/../lib/gcc/avr/4.3.3/avr5\libgcc.a(_udivmodqi4.o)
 .text          0x0000007c        0x0 c:/winavr/bin/../lib/gcc/avr/4.3.3/avr5\libgcc.a(_udivmodhi4.o)
 .text          0x0000007c        0x0 c:/winavr/bin/../lib/gcc/avr/4.3.3/avr5\libgcc.a(_exit.o)
 .text          0x0000007c        0x0 c:/winavr/bin/../lib/gcc/avr/4.3.3/avr5\libgcc.a(_clear_bss.o)
                0x0000007c                . = ALIGN (0x2)
 *(.text.*)
 .text.Gobal_interrput_Enbale
                0x0000007c       0x1c ./Dio.o
                0x0000007c                Gobal_interrput_Enbale
 .text.Gobal_interrput_Disable
                0x00000098       0x1c ./Dio.o
                0x00000098                Gobal_interrput_Disable
 .text.Dio_u8_SetPortDir
                0x000000b4       0x88 ./Dio.o
                0x000000b4                Dio_u8_SetPortDir
 .text.Dio_u8_SetPortValue
                0x0000013c       0x88 ./Dio.o
                0x0000013c                Dio_u8_SetPortValue
 .text.Dio_u8_GetportValue
                0x000001c4       0x88 ./Dio.o
                0x000001c4                Dio_u8_GetportValue
 .text.Dio_u8_SetPinDir
                0x0000024c      0x1ce ./Dio.o
                0x0000024c                Dio_u8_SetPinDir
 .text.Dio_u8_SetPinVal
                0x0000041a      0x1ce ./Dio.o
                0x0000041a                Dio_u8_SetPinVal
 .text.Dio_u8_GetPinVal
                0x000005e8       0xfa ./Dio.o
                0x000005e8                Dio_u8_GetPinVal
 .text.Dio_u8_GetPortDir
                0x000006e2       0x88 ./Dio.o
                0x000006e2                Dio_u8_GetPortDir
 .text.Dio_u8_GetPinDir
                0x0000076a       0xfa ./Dio.o
                0x0000076a                Dio_u8_GetPinDir
 .text.Dio_Pullup
                0x00000864       0xba ./Dio.o
                0x00000864                Dio_Pullup
 .text.EXTI_Init
                0x0000091e       0x72 ./EXTI.o
                0x0000091e                EXTI_Init
 .text.EXTI_Line_Disable
                0x00000990       0x72 ./EXTI.o
                0x00000990                EXTI_Line_Disable
 .text.EXTI_SenseCTRL
                0x00000a02      0x12e ./EXTI.o
                0x00000a02                EXTI_SenseCTRL
 .text.Callback_INT0
                0x00000b30       0x76 ./EXTI.o
                0x00000b30                Callback_INT0
 .text.__vector_1
                0x00000ba6       0x66 ./EXTI.o
                0x00000ba6                __vector_1
 .text.__vector_2
                0x00000c0c       0x66 ./EXTI.o
                0x00000c0c                __vector_2
 .text.__vector_3
                0x00000c72       0x66 ./EXTI.o
                0x00000c72                __vector_3
 .text.Timer_1_Init
                0x00000cd8      0x368 ./Timer_1.o
                0x00000cd8                Timer_1_Init
 .text.PWM_Init
                0x00001040       0x1a ./Timer_1.o
                0x00001040                PWM_Init
 .text.ICU_Init
                0x0000105a       0x56 ./Timer_1.o
                0x0000105a                ICU_Init
 .text.Timer1_OVF_ENB
                0x000010b0       0x1c ./Timer_1.o
                0x000010b0                Timer1_OVF_ENB
 .text.Timer1_OVF_DIS
                0x000010cc       0x1c ./Timer_1.o
                0x000010cc                Timer1_OVF_DIS
 .text.Timer1_OCA_ENB
                0x000010e8       0x1c ./Timer_1.o
                0x000010e8                Timer1_OCA_ENB
 .text.Timer1_OCA_DIS
                0x00001104       0x1c ./Timer_1.o
                0x00001104                Timer1_OCA_DIS
 .text.Timer1_OCB_ENB
                0x00001120       0x1c ./Timer_1.o
                0x00001120                Timer1_OCB_ENB
 .text.Timer1_OCB_DIS
                0x0000113c       0x1c ./Timer_1.o
                0x0000113c                Timer1_OCB_DIS
 .text.Timer1_ICU_ENB
                0x00001158       0x1c ./Timer_1.o
                0x00001158                Timer1_ICU_ENB
 .text.Timer1_ICU_DIS
                0x00001174       0x1c ./Timer_1.o
                0x00001174                Timer1_ICU_DIS
 .text.Timer1_OVF_Callback
                0x00001190       0x24 ./Timer_1.o
                0x00001190                Timer1_OVF_Callback
 .text.TImer1_OCA_Callback
                0x000011b4       0x24 ./Timer_1.o
                0x000011b4                TImer1_OCA_Callback
 .text.Timer1_ICU_Callback
                0x000011d8       0x24 ./Timer_1.o
                0x000011d8                Timer1_ICU_Callback
 .text.__vector_6
                0x000011fc       0x66 ./Timer_1.o
                0x000011fc                __vector_6
 .text.__vector_7
                0x00001262       0x66 ./Timer_1.o
                0x00001262                __vector_7
 .text.__vector_9
                0x000012c8       0x66 ./Timer_1.o
                0x000012c8                __vector_9
 .text.PWM_Freq_KHZ
                0x0000132e       0x92 ./Timer_1.o
                0x0000132e                PWM_Freq_KHZ
 .text.main     0x000013c0        0xa ./main.o
                0x000013c0                main
 .text.libgcc   0x000013ca       0x18 c:/winavr/bin/../lib/gcc/avr/4.3.3/avr5\libgcc.a(_udivmodqi4.o)
                0x000013ca                __udivmodqi4
 .text.libgcc   0x000013e2       0x28 c:/winavr/bin/../lib/gcc/avr/4.3.3/avr5\libgcc.a(_udivmodhi4.o)
                0x000013e2                __udivmodhi4
 .text.libgcc   0x0000140a        0x0 c:/winavr/bin/../lib/gcc/avr/4.3.3/avr5\libgcc.a(_exit.o)
 .text.libgcc   0x0000140a        0x0 c:/winavr/bin/../lib/gcc/avr/4.3.3/avr5\libgcc.a(_clear_bss.o)
                0x0000140a                . = ALIGN (0x2)
 *(.fini9)
 .fini9         0x0000140a        0x0 c:/winavr/bin/../lib/gcc/avr/4.3.3/avr5\libgcc.a(_exit.o)
                0x0000140a                exit
                0x0000140a                _exit
 *(.fini9)
 *(.fini8)
 *(.fini8)
 *(.fini7)
 *(.fini7)
 *(.fini6)
 *(.fini6)
 *(.fini5)
 *(.fini5)
 *(.fini4)
 *(.fini4)
 *(.fini3)
 *(.fini3)
 *(.fini2)
 *(.fini2)
 *(.fini1)
 *(.fini1)
 *(.fini0)
 .fini0         0x0000140a        0x4 c:/winavr/bin/../lib/gcc/avr/4.3.3/avr5\libgcc.a(_exit.o)
 *(.fini0)
                0x0000140e                _etext = .

.data           0x00800060        0x0 load address 0x0000140e
                0x00800060                PROVIDE (__data_start, .)
 *(.data)
 .data          0x00800060        0x0 c:/winavr/bin/../lib/gcc/avr/4.3.3/../../../../avr/lib/avr5/crtm32.o
 .data          0x00800060        0x0 ./Dio.o
 .data          0x00800060        0x0 ./EXTI.o
 .data          0x00800060        0x0 ./Timer_1.o
 .data          0x00800060        0x0 ./main.o
 .data          0x00800060        0x0 c:/winavr/bin/../lib/gcc/avr/4.3.3/avr5\libgcc.a(_udivmodqi4.o)
 .data          0x00800060        0x0 c:/winavr/bin/../lib/gcc/avr/4.3.3/avr5\libgcc.a(_udivmodhi4.o)
 .data          0x00800060        0x0 c:/winavr/bin/../lib/gcc/avr/4.3.3/avr5\libgcc.a(_exit.o)
 .data          0x00800060        0x0 c:/winavr/bin/../lib/gcc/avr/4.3.3/avr5\libgcc.a(_clear_bss.o)
 *(.data*)
 *(.rodata)
 *(.rodata*)
 *(.gnu.linkonce.d*)
                0x00800060                . = ALIGN (0x2)
                0x00800060                _edata = .
                0x00800060                PROVIDE (__data_end, .)

.bss            0x00800060        0xc
                0x00800060                PROVIDE (__bss_start, .)
 *(.bss)
 .bss           0x00800060        0x0 c:/winavr/bin/../lib/gcc/avr/4.3.3/../../../../avr/lib/avr5/crtm32.o
 .bss           0x00800060        0x0 ./Dio.o
 .bss           0x00800060        0x0 ./EXTI.o
 .bss           0x00800060        0x0 ./Timer_1.o
 .bss           0x00800060        0x0 ./main.o
 .bss           0x00800060        0x0 c:/winavr/bin/../lib/gcc/avr/4.3.3/avr5\libgcc.a(_udivmodqi4.o)
 .bss           0x00800060        0x0 c:/winavr/bin/../lib/gcc/avr/4.3.3/avr5\libgcc.a(_udivmodhi4.o)
 .bss           0x00800060        0x0 c:/winavr/bin/../lib/gcc/avr/4.3.3/avr5\libgcc.a(_exit.o)
 .bss           0x00800060        0x0 c:/winavr/bin/../lib/gcc/avr/4.3.3/avr5\libgcc.a(_clear_bss.o)
 *(.bss*)
 .bss.INT0_FPTR
                0x00800060        0x2 ./EXTI.o
 .bss.INT1_FPTR
                0x00800062        0x2 ./EXTI.o
 .bss.INT2_FPTR
                0x00800064        0x2 ./EXTI.o
 .bss.Timer1_OVF
                0x00800066        0x2 ./Timer_1.o
 .bss.Timer1_OCA
                0x00800068        0x2 ./Timer_1.o
 .bss.Timer1_ICU
                0x0080006a        0x2 ./Timer_1.o
 *(COMMON)
                0x0080006c                PROVIDE (__bss_end, .)
                0x0000140e                __data_load_start = LOADADDR (.data)
                0x0000140e                __data_load_end = (__data_load_start + SIZEOF (.data))

.noinit         0x0080006c        0x0
                0x0080006c                PROVIDE (__noinit_start, .)
 *(.noinit*)
                0x0080006c                PROVIDE (__noinit_end, .)
                0x0080006c                _end = .
                0x0080006c                PROVIDE (__heap_start, .)

.eeprom         0x00810000        0x0
 *(.eeprom*)
                0x00810000                __eeprom_end = .

.fuse
 *(.fuse)
 *(.lfuse)
 *(.hfuse)
 *(.efuse)

.lock
 *(.lock*)

.signature
 *(.signature*)

.stab           0x00000000     0x150c
 *(.stab)
 .stab          0x00000000      0x7e0 ./Dio.o
 .stab          0x000007e0      0x3e4 ./EXTI.o
                                0x474 (size before relaxing)
 .stab          0x00000bc4      0x834 ./Timer_1.o
                                0x930 (size before relaxing)
 .stab          0x000013f8      0x114 ./main.o
                                0x294 (size before relaxing)

.stabstr        0x00000000      0xc69
 *(.stabstr)
 .stabstr       0x00000000      0xc69 ./Dio.o

.stab.excl
 *(.stab.excl)

.stab.exclstr
 *(.stab.exclstr)

.stab.index
 *(.stab.index)

.stab.indexstr
 *(.stab.indexstr)

.comment
 *(.comment)

.debug
 *(.debug)

.line
 *(.line)

.debug_srcinfo
 *(.debug_srcinfo)

.debug_sfnames
 *(.debug_sfnames)

.debug_aranges
 *(.debug_aranges)

.debug_pubnames
 *(.debug_pubnames)

.debug_info
 *(.debug_info)
 *(.gnu.linkonce.wi.*)

.debug_abbrev
 *(.debug_abbrev)

.debug_line
 *(.debug_line)

.debug_frame
 *(.debug_frame)

.debug_str
 *(.debug_str)

.debug_loc
 *(.debug_loc)

.debug_macinfo
 *(.debug_macinfo)
OUTPUT(Timer_1.elf elf32-avr)
LOAD linker stubs
